// Jest Snapshot v1, https://goo.gl/fbAQLP

exports[`<Header /> should render Header component correctly 1`] = `
<header
  className="header-main"
>
  <div
    className="container"
  >
    <div
      className="header-main__content"
    >
      <Link
        className="header-main__logo"
        replace={false}
        to="/dashboard"
      >
        Expensify
      </Link>
      <button
        className="button"
        onClick={[MockFunction]}
      >
        Logout
      </button>
    </div>
  </div>
</header>
`;
